05-14 10:16:17 com_github_MitjaNemec_PlaceFootprints.action_place_footprints 674:Plugin executed on: 'linux'
05-14 10:16:17 com_github_MitjaNemec_PlaceFootprints.action_place_footprints 675:Plugin executed with python version: '3.12.3 (main, Mar 23 2026, 19:04:32) [GCC 13.3.0]'
05-14 10:16:17 com_github_MitjaNemec_PlaceFootprints.action_place_footprints 676:KiCad build version: 10.0.1-10.0.1~ubuntu24.04.1
05-14 10:16:17 com_github_MitjaNemec_PlaceFootprints.action_place_footprints 677:Plugin version: 5.0.0

05-14 10:16:17 com_github_MitjaNemec_PlaceFootprints.action_place_footprints 678:Frame repr: <wx._core.Frame object at 0x7fca70567650>
05-14 10:16:17 com_github_MitjaNemec_PlaceFootprints.place_footprints 121:getting a list of all footprints on board
05-14 10:16:17 com_github_MitjaNemec_PlaceFootprints.place_footprints 156:Footprint J4 on root level
05-14 10:16:17 com_github_MitjaNemec_PlaceFootprints.place_footprints 156:Footprint J2 on root level
05-14 10:16:17 com_github_MitjaNemec_PlaceFootprints.place_footprints 156:Footprint J3 on root level
05-14 10:16:17 com_github_MitjaNemec_PlaceFootprints.place_footprints 156:Footprint J1 on root level
05-14 10:16:17 com_github_MitjaNemec_PlaceFootprints.place_footprints 156:Footprint D16 on root level
05-14 10:16:17 com_github_MitjaNemec_PlaceFootprints.place_footprints 156:Footprint D48 on root level
05-14 10:16:17 com_github_MitjaNemec_PlaceFootprints.place_footprints 156:Footprint D20 on root level
05-14 10:16:17 com_github_MitjaNemec_PlaceFootprints.place_footprints 156:Footprint D42 on root level
05-14 10:16:17 com_github_MitjaNemec_PlaceFootprints.place_footprints 156:Footprint R3 on root level
05-14 10:16:17 com_github_MitjaNemec_PlaceFootprints.place_footprints 156:Footprint D6 on root level
05-14 10:16:17 com_github_MitjaNemec_PlaceFootprints.place_footprints 156:Footprint D39 on root level
05-14 10:16:17 com_github_MitjaNemec_PlaceFootprints.place_footprints 156:Footprint D51 on root level
05-14 10:16:17 com_github_MitjaNemec_PlaceFootprints.place_footprints 156:Footprint D31 on root level
05-14 10:16:17 com_github_MitjaNemec_PlaceFootprints.place_footprints 156:Footprint D10 on root level
05-14 10:16:17 com_github_MitjaNemec_PlaceFootprints.place_footprints 156:Footprint D8 on root level
05-14 10:16:17 com_github_MitjaNemec_PlaceFootprints.place_footprints 156:Footprint D23 on root level
05-14 10:16:17 com_github_MitjaNemec_PlaceFootprints.place_footprints 156:Footprint D9 on root level
05-14 10:16:17 com_github_MitjaNemec_PlaceFootprints.place_footprints 156:Footprint D26 on root level
05-14 10:16:17 com_github_MitjaNemec_PlaceFootprints.place_footprints 156:Footprint D3 on root level
05-14 10:16:17 com_github_MitjaNemec_PlaceFootprints.place_footprints 156:Footprint R1 on root level
05-14 10:16:17 com_github_MitjaNemec_PlaceFootprints.place_footprints 156:Footprint D15 on root level
05-14 10:16:17 com_github_MitjaNemec_PlaceFootprints.place_footprints 156:Footprint D11 on root level
05-14 10:16:17 com_github_MitjaNemec_PlaceFootprints.place_footprints 156:Footprint D14 on root level
05-14 10:16:17 com_github_MitjaNemec_PlaceFootprints.place_footprints 156:Footprint D1 on root level
05-14 10:16:17 com_github_MitjaNemec_PlaceFootprints.place_footprints 156:Footprint D17 on root level
05-14 10:16:17 com_github_MitjaNemec_PlaceFootprints.place_footprints 156:Footprint D18 on root level
05-14 10:16:17 com_github_MitjaNemec_PlaceFootprints.place_footprints 156:Footprint R5 on root level
05-14 10:16:17 com_github_MitjaNemec_PlaceFootprints.place_footprints 156:Footprint D5 on root level
05-14 10:16:17 com_github_MitjaNemec_PlaceFootprints.place_footprints 156:Footprint D34 on root level
05-14 10:16:17 com_github_MitjaNemec_PlaceFootprints.place_footprints 156:Footprint D43 on root level
05-14 10:16:17 com_github_MitjaNemec_PlaceFootprints.place_footprints 156:Footprint D35 on root level
05-14 10:16:17 com_github_MitjaNemec_PlaceFootprints.place_footprints 156:Footprint D12 on root level
05-14 10:16:17 com_github_MitjaNemec_PlaceFootprints.place_footprints 156:Footprint D19 on root level
05-14 10:16:17 com_github_MitjaNemec_PlaceFootprints.place_footprints 156:Footprint D44 on root level
05-14 10:16:17 com_github_MitjaNemec_PlaceFootprints.place_footprints 156:Footprint R7 on root level
05-14 10:16:17 com_github_MitjaNemec_PlaceFootprints.place_footprints 156:Footprint D22 on root level
05-14 10:16:17 com_github_MitjaNemec_PlaceFootprints.place_footprints 156:Footprint D7 on root level
05-14 10:16:17 com_github_MitjaNemec_PlaceFootprints.place_footprints 156:Footprint R2 on root level
05-14 10:16:17 com_github_MitjaNemec_PlaceFootprints.place_footprints 156:Footprint D27 on root level
05-14 10:16:17 com_github_MitjaNemec_PlaceFootprints.place_footprints 156:Footprint D37 on root level
05-14 10:16:17 com_github_MitjaNemec_PlaceFootprints.place_footprints 156:Footprint D32 on root level
05-14 10:16:17 com_github_MitjaNemec_PlaceFootprints.place_footprints 156:Footprint D13 on root level
05-14 10:16:17 com_github_MitjaNemec_PlaceFootprints.place_footprints 156:Footprint D40 on root level
05-14 10:16:17 com_github_MitjaNemec_PlaceFootprints.place_footprints 156:Footprint D24 on root level
05-14 10:16:17 com_github_MitjaNemec_PlaceFootprints.place_footprints 156:Footprint D28 on root level
05-14 10:16:17 com_github_MitjaNemec_PlaceFootprints.place_footprints 156:Footprint D25 on root level
05-14 10:16:17 com_github_MitjaNemec_PlaceFootprints.place_footprints 156:Footprint D47 on root level
05-14 10:16:17 com_github_MitjaNemec_PlaceFootprints.place_footprints 156:Footprint D30 on root level
05-14 10:16:17 com_github_MitjaNemec_PlaceFootprints.place_footprints 156:Footprint D50 on root level
05-14 10:16:17 com_github_MitjaNemec_PlaceFootprints.place_footprints 156:Footprint D4 on root level
05-14 10:16:17 com_github_MitjaNemec_PlaceFootprints.place_footprints 156:Footprint D46 on root level
05-14 10:16:17 com_github_MitjaNemec_PlaceFootprints.place_footprints 156:Footprint R4 on root level
05-14 10:16:17 com_github_MitjaNemec_PlaceFootprints.place_footprints 156:Footprint D33 on root level
05-14 10:16:17 com_github_MitjaNemec_PlaceFootprints.place_footprints 156:Footprint D41 on root level
05-14 10:16:17 com_github_MitjaNemec_PlaceFootprints.place_footprints 156:Footprint D45 on root level
05-14 10:16:17 com_github_MitjaNemec_PlaceFootprints.place_footprints 156:Footprint D36 on root level
05-14 10:16:17 com_github_MitjaNemec_PlaceFootprints.place_footprints 156:Footprint D49 on root level
05-14 10:16:17 com_github_MitjaNemec_PlaceFootprints.place_footprints 156:Footprint D21 on root level
05-14 10:16:17 com_github_MitjaNemec_PlaceFootprints.place_footprints 156:Footprint R6 on root level
05-14 10:16:17 com_github_MitjaNemec_PlaceFootprints.place_footprints 156:Footprint D2 on root level
05-14 10:16:17 com_github_MitjaNemec_PlaceFootprints.place_footprints 156:Footprint D29 on root level
05-14 10:16:17 com_github_MitjaNemec_PlaceFootprints.place_footprints 156:Footprint D38 on root level
05-14 10:16:17 com_github_MitjaNemec_PlaceFootprints.action_place_footprints 717:Reference footprint='D51'
05-14 10:16:18 com_github_MitjaNemec_PlaceFootprints.action_place_footprints 858:Reference designator is: D
05-14 10:16:18 com_github_MitjaNemec_PlaceFootprints.action_place_footprints 859:Reference number is: 51
05-14 10:16:18 com_github_MitjaNemec_PlaceFootprints.action_place_footprints 891:Sorted and filtered list:
['D1', 'D2', 'D3', 'D4', 'D5', 'D6', 'D7', 'D8', 'D9', 'D10', 'D11', 'D12', 'D13', 'D14', 'D15', 'D16', 'D17', 'D18', 'D19', 'D20', 'D21', 'D22', 'D23', 'D24', 'D25', 'D26', 'D27', 'D28', 'D29', 'D30', 'D31', 'D32', 'D33', 'D34', 'D35', 'D36', 'D37', 'D38', 'D39', 'D40', 'D41', 'D42', 'D43', 'D44', 'D45', 'D46', 'D47', 'D48', 'D49', 'D50', 'D51']
05-14 10:16:18 com_github_MitjaNemec_PlaceFootprints.action_place_footprints 376:wx.Colour(250, 250, 250, 255)
05-14 10:16:23 com_github_MitjaNemec_PlaceFootprints.action_place_footprints 507:'12'
05-14 10:16:23 com_github_MitjaNemec_PlaceFootprints.action_place_footprints 566:Preparing config for reference matrix
05-14 10:16:23 com_github_MitjaNemec_PlaceFootprints.action_place_footprints 573:Saving config file
05-14 10:16:23 com_github_MitjaNemec_PlaceFootprints.action_place_footprints 575:Saved the config file
05-14 10:16:23 com_github_MitjaNemec_PlaceFootprints.action_place_footprints 929:Footprints to place:
['D1', 'D2', 'D3', 'D4', 'D5', 'D6', 'D7', 'D8', 'D9', 'D10', 'D11', 'D12', 'D13', 'D14', 'D15', 'D16', 'D17', 'D18', 'D19', 'D20', 'D21', 'D22', 'D23', 'D24', 'D25', 'D26', 'D27', 'D28', 'D29', 'D30', 'D31', 'D32', 'D33', 'D34', 'D35', 'D36', 'D37', 'D38', 'D39', 'D40', 'D41', 'D42', 'D43', 'D44', 'D45', 'D46', 'D47', 'D48', 'D49', 'D50', 'D51']
05-14 10:16:23 com_github_MitjaNemec_PlaceFootprints.place_footprints 427:Starting placing with matrix layout
05-14 10:16:23 com_github_MitjaNemec_PlaceFootprints.action_place_footprints 999:Placing complete
